source: parser_test.go
expression: parsed
---
name: body-file-interpolated.http
statements:
  - url:
      value: https://api.somewhere.com/items/1
      token:
        kind: URL
        start: 40
        end: 73
      type: URL
    body:
      value:
        left: null
        right: null
        interp:
          expr:
            name: body
            token:
              kind: Ident
              start: 89
              end: 93
            type: Ident
          open:
            kind: OpenInterp
            start: 86
            end: 88
          close:
            kind: CloseInterp
            start: 94
            end: 96
          type: Interp
        type: InterpolatedExpression
      token:
        kind: LeftAngle
        start: 84
        end: 85
      type: BodyFile
    responseRedirect: null
    responseReference: null
    httpVersion:
      version: "1.2"
      token:
        kind: HTTPVersion
        start: 74
        end: 82
      type: HTTPVersion
    comment:
      text: Body File
      token:
        kind: Comment
        start: 4
        end: 13
      type: Comment
    vars:
      - value:
          value: input.json
          token:
            kind: Text
            start: 24
            end: 34
          type: TextLiteral
        ident:
          name: body
          token:
            kind: Ident
            start: 17
            end: 21
          type: Ident
        at:
          kind: At
          start: 16
          end: 17
        type: VarStatement
    prompts: []
    headers: []
    method:
      token:
        kind: MethodPost
        start: 35
        end: 39
      type: Method
    sep:
      kind: Separator
      start: 0
      end: 3
    type: Request
type: File
