source: parser_test.go
expression: parsed
---
name: body.http
statements:
  - url:
      value: https://api.somewhere.com/items/1
      token:
        kind: Text
        start: 14
        end: 47
      type: TextLiteral
    body:
      value: |-
        {
          "something": "here"
        }
      token:
        kind: Body
        start: 49
        end: 75
      type: Body
    responseRedirect: null
    responseReference: null
    httpVersion: null
    comment:
      text: Body
      token:
        kind: Comment
        start: 4
        end: 8
      type: Comment
    vars: []
    prompts: []
    headers: []
    method:
      token:
        kind: MethodPost
        start: 9
        end: 13
      type: Method
    sep:
      kind: Separator
      start: 0
      end: 3
    type: Request
type: File
