source: parser_test.go
expression: parsed
---
name: headers.http
statements:
  - url:
      value: https://example.com
      token:
        kind: Text
        start: 8
        end: 27
      type: TextLiteral
    body: null
    responseRedirect: null
    responseReference: null
    httpVersion: null
    comment: null
    vars: []
    prompts: []
    headers:
      - value:
          value: '*/*'
          token:
            kind: Text
            start: 36
            end: 39
          type: TextLiteral
        key: Accept
        token:
          kind: Header
          start: 28
          end: 34
        type: Header
      - value:
          value: application/json
          token:
            kind: Text
            start: 54
            end: 70
          type: TextLiteral
        key: Content-Type
        token:
          kind: Header
          start: 40
          end: 52
        type: Header
      - value:
          value: something
          token:
            kind: Text
            start: 82
            end: 91
          type: TextLiteral
        key: X-Api-Key
        token:
          kind: Header
          start: 71
          end: 80
        type: Header
      - value:
          value: Bearer somesecret token
          token:
            kind: Text
            start: 107
            end: 130
          type: TextLiteral
        key: Authorization
        token:
          kind: Header
          start: 92
          end: 105
        type: Header
    method:
      token:
        kind: MethodGet
        start: 4
        end: 7
      type: Method
    sep:
      kind: Separator
      start: 0
      end: 3
    type: Request
type: File
