source: parser_test.go
expression: parsed
---
name: http-version.http
statements:
  - url:
      value: https://example.com
      token:
        kind: URL
        start: 8
        end: 27
      type: URL
    body: null
    responseRedirect: null
    responseReference: null
    httpVersion:
      version: "1.2"
      token:
        kind: HTTPVersion
        start: 28
        end: 36
      type: HTTPVersion
    comment: null
    vars: []
    prompts: []
    headers: []
    method:
      token:
        kind: MethodGet
        start: 4
        end: 7
      type: Method
    sep:
      kind: Separator
      start: 0
      end: 3
    type: Request
type: File
