source: parser_test.go
expression: parsed
---
name: minimal-request.http
statements:
  - url:
      value: https://example.com
      token:
        kind: Text
        start: 8
        end: 27
      type: TextLiteral
    body: null
    responseRedirect: null
    responseReference: null
    httpVersion: null
    comment: null
    vars: []
    prompts: []
    headers: []
    method:
      token:
        kind: MethodGet
        start: 4
        end: 7
      type: Method
    sep:
      kind: Separator
      start: 0
      end: 3
    type: Request
type: File
