source: toml_test.go
expression: got
---
|
  name = "with headers"
  timeout = "0s"
  connectionTimeout = "0s"

  [[requests]]
  method = "GET"
  url = "https://jsonplaceholder.typicode.com/todos/1"
  timeout = "0s"
  connectionTimeout = "0s"
  [requests.headers]
  Accept = ["application/json"]
  Content-Type = ["application/json"]
  User-Agent = ["go.followtheprocess.codes/zap test"]
  X-Custom-Header = ["yes"]
