source: parser_test.go
expression: parsed
---
name: interp/double-interps.http
statements:
  - value:
      left:
        value: https://
        token:
          kind: Text
          start: 7
          end: 15
        type: TextLiteral
      right:
        left:
          value: .somewhere.com/
          token:
            kind: Text
            start: 25
            end: 40
          type: TextLiteral
        right:
          value: /items/1
          token:
            kind: Text
            start: 53
            end: 61
          type: TextLiteral
        interp:
          expr:
            name: version
            token:
              kind: Ident
              start: 43
              end: 50
            type: Ident
          open:
            kind: OpenInterp
            start: 40
            end: 42
          close:
            kind: CloseInterp
            start: 51
            end: 53
          type: Interp
        type: InterpolatedExpression
      interp:
        expr:
          name: host
          token:
            kind: Ident
            start: 18
            end: 22
          type: Ident
        open:
          kind: OpenInterp
          start: 15
          end: 17
        close:
          kind: CloseInterp
          start: 23
          end: 25
        type: Interp
      type: InterpolatedExpression
    ident:
      name: url
      token:
        kind: Ident
        start: 1
        end: 4
      type: Ident
    at:
      kind: At
      start: 0
      end: 1
    type: VarStatement
type: File
