source: parser_test.go
expression: parsed
---
name: minimal-request.http
statements:
  - url:
      value: https://example.com
      token:
        kind: URL
        start: 8
        end: 27
      type: URL
    vars: []
    prompts: []
    comment:
      text: ""
      token:
        kind: EOF
        start: 0
        end: 0
      type: Invalid
    method:
      token:
        kind: MethodGet
        start: 4
        end: 7
      type: Method
    sep:
      kind: Separator
      start: 0
      end: 3
    type: Request
type: File
