source: parser_test.go
expression: parsed
---
name: request-comment.http
statements:
  - url:
      value: https://example.com
      token:
        kind: URL
        start: 18
        end: 37
      type: URL
    comment:
      text: A comment
      token:
        kind: Comment
        start: 4
        end: 13
      type: Comment
    method:
      token:
        kind: MethodGet
        start: 14
        end: 17
      type: Method
    sep:
      kind: Separator
      start: 0
      end: 3
    type: Request
type: File
