source: parser_test.go
expression: parsed
---
name: response-reference.http
statements:
  - url:
      value: https://example.com
      token:
        kind: URL
        start: 8
        end: 27
      type: URL
    body: null
    responseRedirect: null
    responseReference:
      file:
        value: response.json
        token:
          kind: Text
          start: 32
          end: 45
        type: TextLiteral
      token:
        kind: ResponseRef
        start: 29
        end: 31
      type: ResponseReference
    httpVersion: null
    comment: null
    vars: []
    prompts: []
    headers: []
    method:
      token:
        kind: MethodGet
        start: 4
        end: 7
      type: Method
    sep:
      kind: Separator
      start: 0
      end: 3
    type: Request
type: File
