source: parser_test.go
expression: parsed
---
name: response-redirect.http
statements:
  - url:
      value: https://example.com
      token:
        kind: URL
        start: 8
        end: 27
      type: URL
    body: null
    responseRedirect:
      file:
        value: response.json
        token:
          kind: Text
          start: 31
          end: 44
        type: TextLiteral
      token:
        kind: RightAngle
        start: 29
        end: 30
      type: ResponseRedirect
    comment: null
    vars: []
    prompts: []
    headers: []
    method:
      token:
        kind: MethodGet
        start: 4
        end: 7
      type: Method
    sep:
      kind: Separator
      start: 0
      end: 3
    type: Request
type: File
